
src/app/mi-coleccion/p
age.tsx(30,19): error 
TS2769: No overload 
matches this call.
src/app/mi-coleccion/p
age.tsx(58,66): error 
TS2339: Property 
'is_active' does not 
exist on type 'SelectQ
ueryError<"column 
'collection_id' does 
not exist on 
'audit_log'."> | Selec
tQueryError<"column 
'collection_id' does 
not exist on 
'profiles'."> | ... 
27 more ... | SelectQu
eryError<...>'.
src/app/mi-coleccion/p
age.tsx(64,32): error 
TS2339: Property 
'collection_id' does 
not exist on type 'Sel
ectQueryError<"column 
'collection_id' does 
not exist on 
'audit_log'."> | Selec
tQueryError<"column 
'collection_id' does 
not exist on 
'profiles'."> | ... 
27 more ... | SelectQu
eryError<...>'.
src/app/mi-coleccion/p
age.tsx(66,59): error 
TS2339: Property 
'collection_id' does 
not exist on type 'Sel
ectQueryError<"column 
'collection_id' does 
not exist on 
'audit_log'."> | Selec
tQueryError<"column 
'collection_id' does 
not exist on 
'profiles'."> | ... 
27 more ... | SelectQu
eryError<...>'.
src/app/mi-coleccion/p
age.tsx(77,21): error 
TS2769: No overload 
matches this call.
src/app/mi-coleccion/p
age.tsx(80,52): error 
TS2339: Property 
'collection_id' does 
not exist on type 'Sel
ectQueryError<"column 
'collection_id' does 
not exist on 
'audit_log'."> | Selec
tQueryError<"column 
'collection_id' does 
not exist on 
'profiles'."> | ... 
27 more ... | SelectQu
eryError<...>'.
src/app/mi-coleccion/p
age.tsx(82,58): error 
TS2339: Property 
'collection_id' does 
not exist on type 'Sel
ectQueryError<"column 
'collection_id' does 
not exist on 
'audit_log'."> | Selec
tQueryError<"column 
'collection_id' does 
not exist on 
'profiles'."> | ... 
27 more ... | SelectQu
eryError<...>'.
src/components/admin/B
ulkUploadTab.tsx(85,49
): error TS2769: No 
overload matches this 
call.
src/components/admin/B
ulkUploadTab.tsx(87,20
): error TS2345: 
Argument of type '(Sel
ectQueryError<"column 
'id' does not exist 
on 'audit_log'."> | Se
lectQueryError<"column
 'id' does not exist 
on 'profiles'."> | 
... 27 more ... | Sele
ctQueryError<...>)[]' 
is not assignable to 
parameter of type 'Set
StateAction<Collection
[]>'.
src/components/admin/B
ulkUploadTab.tsx(88,61
): error TS2339: 
Property 'id' does 
not exist on type 'Sel
ectQueryError<"column 
'id' does not exist 
on 'audit_log'."> | Se
lectQueryError<"column
 'id' does not exist 
on 'profiles'."> | 
... 27 more ... | Sele
ctQueryError<...>'.
src/components/admin/B
ulkUploadTab.tsx(152,2
1): error TS2769: No 
overload matches this 
call.
src/components/admin/B
ulkUploadTab.tsx(157,2
5): error TS2339: 
Property 'id' does 
not exist on type 'Sel
ectQueryError<"column 
'id' does not exist 
on 'audit_log'."> | Se
lectQueryError<"column
 'id' does not exist 
on 'profiles'."> | 
... 27 more ... | Sele
ctQueryError<...>'.
src/components/admin/B
ulkUploadTab.tsx(199,7
4): error TS2322: 
Type 'unknown' is not 
assignable to type 
'Json'.
src/components/admin/C
ollectionsTab.tsx(35,1
3): error TS2769: No 
overload matches this 
call.
src/components/admin/C
ollectionsTab.tsx(40,2
0): error TS2345: 
Argument of type '(Sel
ectQueryError<"column 
'id' does not exist 
on 'audit_log'."> | Se
lectQueryError<"column
 'id' does not exist 
on 'profiles'."> | 
... 27 more ... | Sele
ctQueryError<...>)[]' 
is not assignable to 
parameter of type 'Set
StateAction<Collection
[]>'.
src/components/admin/C
ollectionsTab.tsx(53,7
1): error TS2322: 
Type 'unknown' is not 
assignable to type 
'Json'.
src/components/admin/P
agesTab.tsx(30,49): 
error TS2769: No 
overload matches this 
call.
src/components/admin/P
agesTab.tsx(32,20): 
error TS2345: 
Argument of type '(Sel
ectQueryError<"column 
'id' does not exist 
on 'audit_log'."> | Se
lectQueryError<"column
 'id' does not exist 
on 'profiles'."> | 
... 27 more ... | Sele
ctQueryError<...>)[]' 
is not assignable to 
parameter of type 'Set
StateAction<Collection
List[]>'.
src/components/admin/P
agesTab.tsx(33,65): 
error TS2339: 
Property 'id' does 
not exist on type 'Sel
ectQueryError<"column 
'id' does not exist 
on 'audit_log'."> | Se
lectQueryError<"column
 'id' does not exist 
on 'profiles'."> | 
... 27 more ... | Sele
ctQueryError<...>'.
src/components/admin/P
agesTab.tsx(41,13): 
error TS2769: No 
overload matches this 
call.
src/components/admin/P
agesTab.tsx(47,14): 
error TS2345: 
Argument of type '(Sel
ectQueryError<"column 
'id' does not exist 
on 'audit_log'."> | Se
lectQueryError<"column
 'id' does not exist 
on 'profiles'."> | 
... 27 more ... | Sele
ctQueryError<...>)[]' 
is not assignable to 
parameter of type 'Set
StateAction<Page[]>'.
src/components/admin/P
agesTab.tsx(51,49): 
error TS2769: No 
overload matches this 
call.
src/components/admin/P
agesTab.tsx(53,14): 
error TS2345: 
Argument of type '(Sel
ectQueryError<"column 
'id' does not exist 
on 'audit_log'."> | Se
lectQueryError<"column
 'id' does not exist 
on 'profiles'."> | 
... 27 more ... | Sele
ctQueryError<...>)[]' 
is not assignable to 
parameter of type 'Set
StateAction<Team[]>'.
src/components/admin/P
agesTab.tsx(78,65): 
error TS2322: Type 
'unknown' is not 
assignable to type 
'Json'.
src/components/admin/S
tickersTab.tsx(53,49):
 error TS2769: No 
overload matches this 
call.
src/components/admin/S
tickersTab.tsx(55,20):
 error TS2345: 
Argument of type '(Sel
ectQueryError<"column 
'id' does not exist 
on 'audit_log'."> | Se
lectQueryError<"column
 'id' does not exist 
on 'profiles'."> | 
... 27 more ... | Sele
ctQueryError<...>)[]' 
is not assignable to 
parameter of type 'Set
StateAction<Collection
[]>'.
src/components/admin/S
tickersTab.tsx(56,61):
 error TS2339: 
Property 'id' does 
not exist on type 'Sel
ectQueryError<"column 
'id' does not exist 
on 'audit_log'."> | Se
lectQueryError<"column
 'id' does not exist 
on 'profiles'."> | 
... 27 more ... | Sele
ctQueryError<...>'.
src/components/admin/S
tickersTab.tsx(60,42):
 error TS2769: No 
overload matches this 
call.
src/components/admin/S
tickersTab.tsx(61,14):
 error TS2345: 
Argument of type '(Sel
ectQueryError<"column 
'id' does not exist 
on 'audit_log'."> | Se
lectQueryError<"column
 'id' does not exist 
on 'profiles'."> | 
... 27 more ... | Sele
ctQueryError<...>)[]' 
is not assignable to 
parameter of type 'Set
StateAction<Team[]>'.
src/components/admin/S
tickersTab.tsx(68,13):
 error TS2769: No 
overload matches this 
call.
src/components/admin/S
tickersTab.tsx(75,17):
 error TS2345: 
Argument of type '(Sel
ectQueryError<"column 
'id' does not exist 
on 'audit_log'."> | Se
lectQueryError<"column
 'id' does not exist 
on 'profiles'."> | 
... 27 more ... | Sele
ctQueryError<...>)[]' 
is not assignable to 
parameter of type 'Set
StateAction<Sticker[]>
'.
src/components/admin/S
tickersTab.tsx(129,68)
: error TS2322: Type 
'unknown' is not 
assignable to type 
'Json'.
src/components/admin/T
eamsTab.tsx(33,49): 
error TS2769: No 
overload matches this 
call.
src/components/admin/T
eamsTab.tsx(35,20): 
error TS2345: 
Argument of type '(Sel
ectQueryError<"column 
'id' does not exist 
on 'audit_log'."> | Se
lectQueryError<"column
 'id' does not exist 
on 'profiles'."> | 
... 27 more ... | Sele
ctQueryError<...>)[]' 
is not assignable to 
parameter of type 'Set
StateAction<Collection
[]>'.
src/components/admin/T
eamsTab.tsx(36,65): 
error TS2339: 
Property 'id' does 
not exist on type 'Sel
ectQueryError<"column 
'id' does not exist 
on 'audit_log'."> | Se
lectQueryError<"column
 'id' does not exist 
on 'profiles'."> | 
... 27 more ... | Sele
ctQueryError<...>'.
src/components/admin/T
eamsTab.tsx(44,13): 
error TS2769: No 
overload matches this 
call.
src/components/admin/T
eamsTab.tsx(50,14): 
error TS2345: 
Argument of type '(Sel
ectQueryError<"column 
'id' does not exist 
on 'audit_log'."> | Se
lectQueryError<"column
 'id' does not exist 
on 'profiles'."> | 
... 27 more ... | Sele
ctQueryError<...>)[]' 
is not assignable to 
parameter of type 'Set
StateAction<Team[]>'.
src/components/admin/T
eamsTab.tsx(85,65): 
error TS2322: Type 
'unknown' is not 
assignable to type 
'Json'.
src/components/dashboa
rd/UserDashboard.tsx(9
0,27): error TS2769: 
No overload matches 
this call.
src/components/dashboa
rd/UserDashboard.tsx(9
7,35): error TS2345: 
Argument of type '({ 
avatar_url: string | 
null; created_at: 
string | null; 
deleted_at: string | 
null; 
deletion_reason: 
string | null; id: 
string; is_admin: 
boolean | null; 
is_suspended: boolean 
| null; ... 15 more 
...; xp_total: number 
| null; } | ... 28 
more ... | { ...; 
})[]' is not 
assignable to 
parameter of type 'Set
StateAction<Listing[]>
'.
src/hooks/album/useAlb
umPages.ts(104,15): 
error TS2769: No 
overload matches this 
call.
src/hooks/album/useAlb
umPages.ts(120,20): 
error TS2352: 
Conversion of type '(S
electQueryError<"colum
n 'collection_id' 
does not exist on 
'audit_log'."> | Selec
tQueryError<"column 
'collection_id' does 
not exist on 
'profiles'."> | ... 
27 more ... | SelectQu
eryError<...>)[]' to 
type 
'UserCollectionRow[]' 
may be a mistake 
because neither type 
sufficiently overlaps 
with the other. If 
this was intentional, 
convert the 
expression to 
'unknown' first.
src/hooks/album/useAlb
umPages.ts(142,17): 
error TS2769: No 
overload matches this 
call.
src/hooks/album/useAlb
umPages.ts(149,26): 
error TS2339: 
Property 'id' does 
not exist on type 'Sel
ectQueryError<"column 
'id' does not exist 
on 'audit_log'."> | Se
lectQueryError<"column
 'id' does not exist 
on 'profiles'."> | 
... 27 more ... | Sele
ctQueryError<...>'.
src/hooks/album/useAlb
umPages.ts(150,28): 
error TS2339: 
Property 'name' does 
not exist on type 'Sel
ectQueryError<"column 
'id' does not exist 
on 'audit_log'."> | Se
lectQueryError<"column
 'id' does not exist 
on 'profiles'."> | 
... 27 more ... | Sele
ctQueryError<...>'.
src/hooks/album/useAlb
umPages.ts(179,11): 
error TS2345: 
Argument of type '"get
_user_collection_stats
"' is not assignable 
to parameter of type 
'"is_admin" | "add_lis
ting_status_messages" 
| "add_system_message_
to_listing_chat" | 
"add_template_page" | 
"add_template_page_v2"
 | "admin_add_forwardi
ng_address" | "admin_d
elete_collection" | 
... 175 more ... | 
"update_user_rating"'.
src/hooks/album/useAlb
umPages.ts(188,48): 
error TS2345: 
Argument of type '{ 
distance_km: number; 
match_user_id: 
string; nickname: 
string; overlap_from_m
e_to_them: number; ove
rlap_from_them_to_me: 
number; postcode: 
string; score: 
number; 
total_mutual_overlap: 
number; }[]' is not 
assignable to 
parameter of type 
'RawCollectionStats | 
null | undefined'.
src/hooks/album/useAlb
umPages.ts(229,15): 
error TS2769: No 
overload matches this 
call.
src/hooks/album/useAlb
umPages.ts(241,24): 
error TS2352: 
Conversion of type '(S
electQueryError<"colum
n 'id' does not exist 
on 'audit_log'."> | Se
lectQueryError<"column
 'id' does not exist 
on 'profiles'."> | 
... 27 more ... | Sele
ctQueryError<...>)[]' 
to type 
'CollectionPage[]' 
may be a mistake 
because neither type 
sufficiently overlaps 
with the other. If 
this was intentional, 
convert the 
expression to 
'unknown' first.
src/hooks/album/useAlb
umPages.ts(282,17): 
error TS2769: No 
overload matches this 
call.
src/hooks/album/useAlb
umPages.ts(295,17): 
error TS2769: No 
overload matches this 
call.
src/hooks/album/useAlb
umPages.ts(321,49): 
error TS2339: 
Property 'stickers' 
does not exist on 
type 'SelectQueryError
<"column 'slot_index' 
does not exist on 
'audit_log'."> | Selec
tQueryError<"column 
'slot_index' does not 
exist on 
'profiles'."> | ... 
27 more ... | SelectQu
eryError<...>'.
src/hooks/album/useAlb
umPages.ts(322,20): 
error TS2339: 
Property 'stickers' 
does not exist on 
type 'SelectQueryError
<"column 'slot_index' 
does not exist on 
'audit_log'."> | Selec
tQueryError<"column 
'slot_index' does not 
exist on 
'profiles'."> | ... 
27 more ... | SelectQu
eryError<...>'.
src/hooks/album/useAlb
umPages.ts(323,20): 
error TS2339: 
Property 'stickers' 
does not exist on 
type 'SelectQueryError
<"column 'slot_index' 
does not exist on 
'audit_log'."> | Selec
tQueryError<"column 
'slot_index' does not 
exist on 
'profiles'."> | ... 
27 more ... | SelectQu
eryError<...>'.
src/hooks/album/useAlb
umPages.ts(327,15): 
error TS2698: Spread 
types may only be 
created from object 
types.
src/hooks/album/useAlb
umPages.ts(376,13): 
error TS2698: Spread 
types may only be 
created from object 
types.
src/hooks/album/useAlb
umPages.ts(394,15): 
error TS2352: 
Conversion of type '{ 
action: string; 
admin_id: string | 
null; admin_nickname: 
string | null; 
after_json: Json; 
before_json: Json; 
created_at: string | 
null; entity: string; 
entity_id: number | 
null; ... 10 more 
...; 
collection_teams: Sele
ctQueryError<...>; } 
| ... 898 more ... | 
{ ...; }' to type 
'AlbumPageData' may 
be a mistake because 
neither type 
sufficiently overlaps 
with the other. If 
this was intentional, 
convert the 
expression to 
'unknown' first.
src/hooks/album/useAlb
umPages.ts(396,33): 
error TS2339: 
Property 'kind' does 
not exist on type '{ 
action: string; 
admin_id: string | 
null; admin_nickname: 
string | null; 
after_json: Json; 
before_json: Json; 
created_at: string | 
null; entity: string; 
entity_id: number | 
null; ... 10 more 
...; 
collection_teams: Sele
ctQueryError<...>; } 
| ... 898 more ... | 
{ ...; }'.
src/hooks/album/useAlb
umPages.ts(425,17): 
error TS2769: No 
overload matches this 
call.
src/hooks/album/useAlb
umPages.ts(430,17): 
error TS2769: No 
overload matches this 
call.
src/hooks/album/useAlb
umPages.ts(538,47): 
error TS2769: No 
overload matches this 
call.
src/hooks/album/useAlb
umPages.ts(646,49): 
error TS2769: No 
overload matches this 
call.
src/hooks/album/useAlb
umPages.ts(655,19): 
error TS2769: No 
overload matches this 
call.
src/hooks/album/useAlb
umPages.ts(775,52): 
error TS2345: 
Argument of type '"mar
k_team_page_complete"'
 is not assignable to 
parameter of type 
'"is_admin" | "add_lis
ting_status_messages" 
| "add_system_message_
to_listing_chat" | 
"add_template_page" | 
"add_template_page_v2"
 | "admin_add_forwardi
ng_address" | "admin_d
elete_collection" | 
... 175 more ... | 
"update_user_rating"'.
src/hooks/album/useAlb
umPages.ts(784,55): 
error TS2352: 
Conversion of type 
'undefined' to type 
'{ added_count: 
number; 
affected_sticker_ids: 
number[]; }' may be a 
mistake because 
neither type 
sufficiently overlaps 
with the other. If 
this was intentional, 
convert the 
expression to 
'unknown' first.
src/hooks/templates/us
eQuickEntryProgress.ts
(57,56): error 
TS2345: Argument of 
type '"update_slot_pro
gress"' is not 
assignable to 
parameter of type 
'"is_admin" | "add_lis
ting_status_messages" 
| "add_system_message_
to_listing_chat" | 
"add_template_page" | 
"add_template_page_v2"
 | "admin_add_forwardi
ng_address" | "admin_d
elete_collection" | 
... 175 more ... | 
"update_user_rating"'.
src/hooks/templates/us
eQuickEntryProgress.ts
(93,11): error 
TS2345: Argument of 
type '"get_slot_by_glo
bal_number"' is not 
assignable to 
parameter of type 
'"is_admin" | "add_lis
ting_status_messages" 
| "add_system_message_
to_listing_chat" | 
"add_template_page" | 
"add_template_page_v2"
 | "admin_add_forwardi
ng_address" | "admin_d
elete_collection" | 
... 175 more ... | 
"update_user_rating"'.
src/hooks/templates/us
eQuickEntryProgress.ts
(102,35): error 
TS2339: Property 
'length' does not 
exist on type 'never'.
src/hooks/templates/us
eQuickEntryProgress.ts
(109,59): error 
TS2345: Argument of 
type '"update_slot_pro
gress"' is not 
assignable to 
parameter of type 
'"is_admin" | "add_lis
ting_status_messages" 
| "add_system_message_
to_listing_chat" | 
"add_template_page" | 
"add_template_page_v2"
 | "admin_add_forwardi
ng_address" | "admin_d
elete_collection" | 
... 175 more ... | 
"update_user_rating"'.
src/hooks/templates/us
eQuickEntryProgress.ts
(150,26): error 
TS2345: Argument of 
type '"update_slot_pro
gress"' is not 
assignable to 
parameter of type 
'"is_admin" | "add_lis
ting_status_messages" 
| "add_system_message_
to_listing_chat" | 
"add_template_page" | 
"add_template_page_v2"
 | "admin_add_forwardi
ng_address" | "admin_d
elete_collection" | 
... 175 more ... | 
"update_user_rating"'.
src/hooks/templates/us
eTemplateSlots.ts(58,3
0): error TS2352: 
Conversion of type '{ 
count: number; data: 
Json; page_id: 
number; page_number: 
number; page_title: 
string; page_type: 
string; slot_id: 
number; slot_number: 
number; status: 
string; }[]' to type 
'TemplateSlot[]' may 
be a mistake because 
neither type 
sufficiently overlaps 
with the other. If 
this was intentional, 
convert the 
expression to 
'unknown' first.
src/hooks/trades/useMa
tchDetail.ts(49,11): 
error TS2345: 
Argument of type '"get
_mutual_trade_detail"'
 is not assignable to 
parameter of type 
'"is_admin" | "add_lis
ting_status_messages" 
| "add_system_message_
to_listing_chat" | 
"add_template_page" | 
"add_template_page_v2"
 | "admin_add_forwardi
ng_address" | "admin_d
elete_collection" | 
... 175 more ... | 
"update_user_rating"'.


